<?xml version="1.0" encoding="utf-8"?>
<TestRun id="bf468fd6-0d39-47e8-9c1d-acb0433b4409" name="@821d6ed05e47 2025-06-23 17:31:01" xmlns="http://microsoft.com/schemas/VisualStudio/TeamTest/2010">
  <Times creation="2025-06-23T17:31:01.2645135+00:00" queuing="2025-06-23T17:31:01.2645136+00:00" start="2025-06-23T17:30:52.6239743+00:00" finish="2025-06-23T17:31:02.4298421+00:00" />
  <TestSettings name="default" id="c7d0ba8e-e44d-4bf5-b4fc-bf8c096916f9">
    <Deployment runDeploymentRoot="_821d6ed05e47_2025-06-23_17_31_01" />
  </TestSettings>
  <Results>
    <UnitTestResult executionId="73eb1164-d598-4a1c-869c-158f8ec2afb8" testId="e9626db3-7753-2696-e4ca-789fd03b2934" testName="myWebApp.Tests.ThingsIntegrationTests.Get_ThingsIndex_ContainsExpectedContent" computerName="821d6ed05e47" duration="00:00:00.9881745" startTime="2025-06-23T17:31:02.0538069+00:00" endTime="2025-06-23T17:31:02.0538073+00:00" testType="13cdc9d9-ddb5-4fa4-a97d-d965ccfc6d4b" outcome="Passed" testListId="8c84fa94-04c1-424b-9868-57a2d4851a1d" relativeResultsDirectory="73eb1164-d598-4a1c-869c-158f8ec2afb8" />
    <UnitTestResult executionId="9a7211cd-9e4b-4de0-be28-396e9311dd5f" testId="f19069b2-a521-43ad-cdcf-0e11ba48c76f" testName="myWebApp.Tests.ThingsIntegrationTests.Get_NonExistentThingDetails_ReturnsNotFound" computerName="821d6ed05e47" duration="00:00:00.0045660" startTime="2025-06-23T17:31:02.1110159+00:00" endTime="2025-06-23T17:31:02.1110162+00:00" testType="13cdc9d9-ddb5-4fa4-a97d-d965ccfc6d4b" outcome="Passed" testListId="8c84fa94-04c1-424b-9868-57a2d4851a1d" relativeResultsDirectory="9a7211cd-9e4b-4de0-be28-396e9311dd5f" />
    <UnitTestResult executionId="cb562dba-49cc-43ae-af4b-8032634c8e7d" testId="7abab9b7-0984-56b6-8513-2f0eb569ea53" testName="myWebApp.Tests.ThingModelTests.Thing_NameProperty_ShouldAcceptValidLengths(name: &quot;&quot;)" computerName="821d6ed05e47" duration="00:00:00.0001816" startTime="2025-06-23T17:31:01.2166313+00:00" endTime="2025-06-23T17:31:01.2166316+00:00" testType="13cdc9d9-ddb5-4fa4-a97d-d965ccfc6d4b" outcome="Passed" testListId="8c84fa94-04c1-424b-9868-57a2d4851a1d" relativeResultsDirectory="cb562dba-49cc-43ae-af4b-8032634c8e7d" />
    <UnitTestResult executionId="3a1cee73-129a-42f3-92ac-3861a588cb7b" testId="c6f153e0-21a7-1756-469d-ca40bc7cbba5" testName="myWebApp.Tests.ThingsIntegrationTests.Get_ThingsIndex_ReturnsSuccessAndCorrectContentType" computerName="821d6ed05e47" duration="00:00:00.0064306" startTime="2025-06-23T17:31:02.1176332+00:00" endTime="2025-06-23T17:31:02.1176334+00:00" testType="13cdc9d9-ddb5-4fa4-a97d-d965ccfc6d4b" outcome="Passed" testListId="8c84fa94-04c1-424b-9868-57a2d4851a1d" relativeResultsDirectory="3a1cee73-129a-42f3-92ac-3861a588cb7b" />
    <UnitTestResult executionId="d8e3cda6-9ac5-4ded-84a3-73399c525442" testId="c587f1c8-4556-0f3f-159f-392a25bcf0c2" testName="myWebApp.Tests.ThingModelTests.Thing_PurposeProperty_ShouldAcceptValidLengths(purpose: &quot;Short purpose&quot;)" computerName="821d6ed05e47" duration="00:00:00.0000087" startTime="2025-06-23T17:31:01.2190483+00:00" endTime="2025-06-23T17:31:01.2190484+00:00" testType="13cdc9d9-ddb5-4fa4-a97d-d965ccfc6d4b" outcome="Passed" testListId="8c84fa94-04c1-424b-9868-57a2d4851a1d" relativeResultsDirectory="d8e3cda6-9ac5-4ded-84a3-73399c525442" />
    <UnitTestResult executionId="dcb0c690-c20f-4438-81cb-b420136ca456" testId="ebd75087-8a49-bf10-8450-7ede6f05bcbc" testName="myWebApp.Tests.ApplicationDbContextTests.DeleteThing_ShouldRemoveFromDatabase" computerName="821d6ed05e47" duration="00:00:00.0376053" startTime="2025-06-23T17:31:01.7522898+00:00" endTime="2025-06-23T17:31:01.7522900+00:00" testType="13cdc9d9-ddb5-4fa4-a97d-d965ccfc6d4b" outcome="Passed" testListId="8c84fa94-04c1-424b-9868-57a2d4851a1d" relativeResultsDirectory="dcb0c690-c20f-4438-81cb-b420136ca456" />
    <UnitTestResult executionId="c2ee7cac-3431-42d0-81cb-4fa40600b072" testId="572177a8-44c1-00f5-fd37-ab77a4586f39" testName="myWebApp.Tests.ThingsIntegrationTests.Get_HomePage_ContainsWelcomeMessage" computerName="821d6ed05e47" duration="00:00:00.0104530" startTime="2025-06-23T17:31:02.0657375+00:00" endTime="2025-06-23T17:31:02.0657378+00:00" testType="13cdc9d9-ddb5-4fa4-a97d-d965ccfc6d4b" outcome="Passed" testListId="8c84fa94-04c1-424b-9868-57a2d4851a1d" relativeResultsDirectory="c2ee7cac-3431-42d0-81cb-4fa40600b072" />
    <UnitTestResult executionId="3f272ae7-3b9c-4934-b435-1a8a5b855990" testId="41ea36cd-61bc-33e2-ca2c-ff0759c98b6a" testName="myWebApp.Tests.ThingModelTests.Thing_ShouldCreateWithDefaultValues" computerName="821d6ed05e47" duration="00:00:00.0023043" startTime="2025-06-23T17:31:01.2180941+00:00" endTime="2025-06-23T17:31:01.2180943+00:00" testType="13cdc9d9-ddb5-4fa4-a97d-d965ccfc6d4b" outcome="Passed" testListId="8c84fa94-04c1-424b-9868-57a2d4851a1d" relativeResultsDirectory="3f272ae7-3b9c-4934-b435-1a8a5b855990" />
    <UnitTestResult executionId="49509014-ce88-4a1b-adb6-7ac9b3c5d24e" testId="08953646-e10f-0d61-beb7-b20062d6a9d0" testName="myWebApp.Tests.ThingModelTests.Thing_NameProperty_ShouldAcceptValidLengths(name: &quot;This is exactly fifty characters long name test&quot;)" computerName="821d6ed05e47" duration="00:00:00.0050406" startTime="2025-06-23T17:31:01.2032821+00:00" endTime="2025-06-23T17:31:01.2033010+00:00" testType="13cdc9d9-ddb5-4fa4-a97d-d965ccfc6d4b" outcome="Passed" testListId="8c84fa94-04c1-424b-9868-57a2d4851a1d" relativeResultsDirectory="49509014-ce88-4a1b-adb6-7ac9b3c5d24e" />
    <UnitTestResult executionId="df3c64e5-b22a-4c01-947b-a524780b8fc0" testId="36237ecc-0193-2fb2-6c4e-88117ea1ec3f" testName="myWebApp.Tests.ThingsIntegrationTests.Get_ThingsCreate_ReturnsSuccessAndCorrectContentType" computerName="821d6ed05e47" duration="00:00:00.0403572" startTime="2025-06-23T17:31:02.1062511+00:00" endTime="2025-06-23T17:31:02.1062513+00:00" testType="13cdc9d9-ddb5-4fa4-a97d-d965ccfc6d4b" outcome="Passed" testListId="8c84fa94-04c1-424b-9868-57a2d4851a1d" relativeResultsDirectory="df3c64e5-b22a-4c01-947b-a524780b8fc0" />
    <UnitTestResult executionId="57ce223c-248f-4f4e-bfa7-0005596ae149" testId="052ffb21-c212-1b70-8263-24211c3c8cf4" testName="myWebApp.Tests.ThingModelTests.Thing_ShouldSetPropertiesCorrectly" computerName="821d6ed05e47" duration="00:00:00.0049385" startTime="2025-06-23T17:31:01.2281194+00:00" endTime="2025-06-23T17:31:01.2281196+00:00" testType="13cdc9d9-ddb5-4fa4-a97d-d965ccfc6d4b" outcome="Passed" testListId="8c84fa94-04c1-424b-9868-57a2d4851a1d" relativeResultsDirectory="57ce223c-248f-4f4e-bfa7-0005596ae149" />
    <UnitTestResult executionId="239d6971-093a-4cdb-b440-c8c4494a223d" testId="8cd6a3e6-1075-4b87-cfc2-d3e1bc32219d" testName="myWebApp.Tests.ApplicationDbContextTests.UpdateThing_ShouldModifyExistingRecord" computerName="821d6ed05e47" duration="00:00:00.0437239" startTime="2025-06-23T17:31:01.7046664+00:00" endTime="2025-06-23T17:31:01.7046666+00:00" testType="13cdc9d9-ddb5-4fa4-a97d-d965ccfc6d4b" outcome="Passed" testListId="8c84fa94-04c1-424b-9868-57a2d4851a1d" relativeResultsDirectory="239d6971-093a-4cdb-b440-c8c4494a223d" />
    <UnitTestResult executionId="064fcfbb-41c6-4e32-a4de-b89466b629ec" testId="a4437acc-ed62-6acc-7aeb-50034eca8b41" testName="myWebApp.Tests.ThingModelTests.Thing_PurposeProperty_ShouldAcceptValidLengths(purpose: &quot;This is a very long purpose that should still be v&quot;...)" computerName="821d6ed05e47" duration="00:00:00.0002145" startTime="2025-06-23T17:31:01.2187653+00:00" endTime="2025-06-23T17:31:01.2187654+00:00" testType="13cdc9d9-ddb5-4fa4-a97d-d965ccfc6d4b" outcome="Passed" testListId="8c84fa94-04c1-424b-9868-57a2d4851a1d" relativeResultsDirectory="064fcfbb-41c6-4e32-a4de-b89466b629ec" />
    <UnitTestResult executionId="29c2b501-77ec-4c57-abc0-d153d5c2c185" testId="58e8f568-2e25-b52e-cbe0-065c395a2617" testName="myWebApp.Tests.ApplicationDbContextTests.AddThing_ShouldSaveToDatabase" computerName="821d6ed05e47" duration="00:00:00.6037917" startTime="2025-06-23T17:31:01.6608035+00:00" endTime="2025-06-23T17:31:01.6608037+00:00" testType="13cdc9d9-ddb5-4fa4-a97d-d965ccfc6d4b" outcome="Passed" testListId="8c84fa94-04c1-424b-9868-57a2d4851a1d" relativeResultsDirectory="29c2b501-77ec-4c57-abc0-d153d5c2c185" />
    <UnitTestResult executionId="c275f2b7-25e4-47d7-aa0f-dffddced742a" testId="2ab8feb5-69d5-f5a9-ceb8-f0e5dff5b8e9" testName="myWebApp.Tests.ThingModelTests.Thing_NameProperty_ShouldAcceptValidLengths(name: &quot;A&quot;)" computerName="821d6ed05e47" duration="00:00:00.0000070" startTime="2025-06-23T17:31:01.2176453+00:00" endTime="2025-06-23T17:31:01.2176454+00:00" testType="13cdc9d9-ddb5-4fa4-a97d-d965ccfc6d4b" outcome="Passed" testListId="8c84fa94-04c1-424b-9868-57a2d4851a1d" relativeResultsDirectory="c275f2b7-25e4-47d7-aa0f-dffddced742a" />
    <UnitTestResult executionId="108c9f77-098e-4e77-a7c6-f624f1b38ba3" testId="53d0d0ab-bd26-9d56-020e-1e3ac21a8485" testName="myWebApp.Tests.ApplicationDbContextTests.GetThings_ShouldReturnAllThings" computerName="821d6ed05e47" duration="00:00:00.0097592" startTime="2025-06-23T17:31:01.7145548+00:00" endTime="2025-06-23T17:31:01.7145550+00:00" testType="13cdc9d9-ddb5-4fa4-a97d-d965ccfc6d4b" outcome="Passed" testListId="8c84fa94-04c1-424b-9868-57a2d4851a1d" relativeResultsDirectory="108c9f77-098e-4e77-a7c6-f624f1b38ba3" />
    <UnitTestResult executionId="027a14ad-b954-45e2-ae7f-1624111e2416" testId="e346344c-6042-89bf-f8dc-99a8c9a7693d" testName="myWebApp.Tests.ThingModelTests.Thing_PurposeProperty_ShouldAcceptValidLengths(purpose: &quot;&quot;)" computerName="821d6ed05e47" duration="00:00:00.0002152" startTime="2025-06-23T17:31:01.2184747+00:00" endTime="2025-06-23T17:31:01.2184748+00:00" testType="13cdc9d9-ddb5-4fa4-a97d-d965ccfc6d4b" outcome="Passed" testListId="8c84fa94-04c1-424b-9868-57a2d4851a1d" relativeResultsDirectory="027a14ad-b954-45e2-ae7f-1624111e2416" />
  </Results>
  <TestDefinitions>
    <UnitTest name="myWebApp.Tests.ThingModelTests.Thing_PurposeProperty_ShouldAcceptValidLengths(purpose: &quot;&quot;)" storage="/workspaces/mywebapp.tests/bin/debug/net8.0/mywebapp.tests.dll" id="e346344c-6042-89bf-f8dc-99a8c9a7693d">
      <Execution id="027a14ad-b954-45e2-ae7f-1624111e2416" />
      <TestMethod codeBase="/workspaces/myWebApp.Tests/bin/Debug/net8.0/myWebApp.Tests.dll" adapterTypeName="executor://xunit/VsTestRunner2/netcoreapp" className="myWebApp.Tests.ThingModelTests" name="Thing_PurposeProperty_ShouldAcceptValidLengths" />
    </UnitTest>
    <UnitTest name="myWebApp.Tests.ThingModelTests.Thing_NameProperty_ShouldAcceptValidLengths(name: &quot;A&quot;)" storage="/workspaces/mywebapp.tests/bin/debug/net8.0/mywebapp.tests.dll" id="2ab8feb5-69d5-f5a9-ceb8-f0e5dff5b8e9">
      <Execution id="c275f2b7-25e4-47d7-aa0f-dffddced742a" />
      <TestMethod codeBase="/workspaces/myWebApp.Tests/bin/Debug/net8.0/myWebApp.Tests.dll" adapterTypeName="executor://xunit/VsTestRunner2/netcoreapp" className="myWebApp.Tests.ThingModelTests" name="Thing_NameProperty_ShouldAcceptValidLengths" />
    </UnitTest>
    <UnitTest name="myWebApp.Tests.ApplicationDbContextTests.AddThing_ShouldSaveToDatabase" storage="/workspaces/mywebapp.tests/bin/debug/net8.0/mywebapp.tests.dll" id="58e8f568-2e25-b52e-cbe0-065c395a2617">
      <Execution id="29c2b501-77ec-4c57-abc0-d153d5c2c185" />
      <TestMethod codeBase="/workspaces/myWebApp.Tests/bin/Debug/net8.0/myWebApp.Tests.dll" adapterTypeName="executor://xunit/VsTestRunner2/netcoreapp" className="myWebApp.Tests.ApplicationDbContextTests" name="AddThing_ShouldSaveToDatabase" />
    </UnitTest>
    <UnitTest name="myWebApp.Tests.ThingModelTests.Thing_PurposeProperty_ShouldAcceptValidLengths(purpose: &quot;Short purpose&quot;)" storage="/workspaces/mywebapp.tests/bin/debug/net8.0/mywebapp.tests.dll" id="c587f1c8-4556-0f3f-159f-392a25bcf0c2">
      <Execution id="d8e3cda6-9ac5-4ded-84a3-73399c525442" />
      <TestMethod codeBase="/workspaces/myWebApp.Tests/bin/Debug/net8.0/myWebApp.Tests.dll" adapterTypeName="executor://xunit/VsTestRunner2/netcoreapp" className="myWebApp.Tests.ThingModelTests" name="Thing_PurposeProperty_ShouldAcceptValidLengths" />
    </UnitTest>
    <UnitTest name="myWebApp.Tests.ThingModelTests.Thing_NameProperty_ShouldAcceptValidLengths(name: &quot;&quot;)" storage="/workspaces/mywebapp.tests/bin/debug/net8.0/mywebapp.tests.dll" id="7abab9b7-0984-56b6-8513-2f0eb569ea53">
      <Execution id="cb562dba-49cc-43ae-af4b-8032634c8e7d" />
      <TestMethod codeBase="/workspaces/myWebApp.Tests/bin/Debug/net8.0/myWebApp.Tests.dll" adapterTypeName="executor://xunit/VsTestRunner2/netcoreapp" className="myWebApp.Tests.ThingModelTests" name="Thing_NameProperty_ShouldAcceptValidLengths" />
    </UnitTest>
    <UnitTest name="myWebApp.Tests.ApplicationDbContextTests.DeleteThing_ShouldRemoveFromDatabase" storage="/workspaces/mywebapp.tests/bin/debug/net8.0/mywebapp.tests.dll" id="ebd75087-8a49-bf10-8450-7ede6f05bcbc">
      <Execution id="dcb0c690-c20f-4438-81cb-b420136ca456" />
      <TestMethod codeBase="/workspaces/myWebApp.Tests/bin/Debug/net8.0/myWebApp.Tests.dll" adapterTypeName="executor://xunit/VsTestRunner2/netcoreapp" className="myWebApp.Tests.ApplicationDbContextTests" name="DeleteThing_ShouldRemoveFromDatabase" />
    </UnitTest>
    <UnitTest name="myWebApp.Tests.ThingModelTests.Thing_ShouldCreateWithDefaultValues" storage="/workspaces/mywebapp.tests/bin/debug/net8.0/mywebapp.tests.dll" id="41ea36cd-61bc-33e2-ca2c-ff0759c98b6a">
      <Execution id="3f272ae7-3b9c-4934-b435-1a8a5b855990" />
      <TestMethod codeBase="/workspaces/myWebApp.Tests/bin/Debug/net8.0/myWebApp.Tests.dll" adapterTypeName="executor://xunit/VsTestRunner2/netcoreapp" className="myWebApp.Tests.ThingModelTests" name="Thing_ShouldCreateWithDefaultValues" />
    </UnitTest>
    <UnitTest name="myWebApp.Tests.ThingsIntegrationTests.Get_ThingsIndex_ReturnsSuccessAndCorrectContentType" storage="/workspaces/mywebapp.tests/bin/debug/net8.0/mywebapp.tests.dll" id="c6f153e0-21a7-1756-469d-ca40bc7cbba5">
      <Execution id="3a1cee73-129a-42f3-92ac-3861a588cb7b" />
      <TestMethod codeBase="/workspaces/myWebApp.Tests/bin/Debug/net8.0/myWebApp.Tests.dll" adapterTypeName="executor://xunit/VsTestRunner2/netcoreapp" className="myWebApp.Tests.ThingsIntegrationTests" name="Get_ThingsIndex_ReturnsSuccessAndCorrectContentType" />
    </UnitTest>
    <UnitTest name="myWebApp.Tests.ThingModelTests.Thing_ShouldSetPropertiesCorrectly" storage="/workspaces/mywebapp.tests/bin/debug/net8.0/mywebapp.tests.dll" id="052ffb21-c212-1b70-8263-24211c3c8cf4">
      <Execution id="57ce223c-248f-4f4e-bfa7-0005596ae149" />
      <TestMethod codeBase="/workspaces/myWebApp.Tests/bin/Debug/net8.0/myWebApp.Tests.dll" adapterTypeName="executor://xunit/VsTestRunner2/netcoreapp" className="myWebApp.Tests.ThingModelTests" name="Thing_ShouldSetPropertiesCorrectly" />
    </UnitTest>
    <UnitTest name="myWebApp.Tests.ThingsIntegrationTests.Get_HomePage_ContainsWelcomeMessage" storage="/workspaces/mywebapp.tests/bin/debug/net8.0/mywebapp.tests.dll" id="572177a8-44c1-00f5-fd37-ab77a4586f39">
      <Execution id="c2ee7cac-3431-42d0-81cb-4fa40600b072" />
      <TestMethod codeBase="/workspaces/myWebApp.Tests/bin/Debug/net8.0/myWebApp.Tests.dll" adapterTypeName="executor://xunit/VsTestRunner2/netcoreapp" className="myWebApp.Tests.ThingsIntegrationTests" name="Get_HomePage_ContainsWelcomeMessage" />
    </UnitTest>
    <UnitTest name="myWebApp.Tests.ThingsIntegrationTests.Get_NonExistentThingDetails_ReturnsNotFound" storage="/workspaces/mywebapp.tests/bin/debug/net8.0/mywebapp.tests.dll" id="f19069b2-a521-43ad-cdcf-0e11ba48c76f">
      <Execution id="9a7211cd-9e4b-4de0-be28-396e9311dd5f" />
      <TestMethod codeBase="/workspaces/myWebApp.Tests/bin/Debug/net8.0/myWebApp.Tests.dll" adapterTypeName="executor://xunit/VsTestRunner2/netcoreapp" className="myWebApp.Tests.ThingsIntegrationTests" name="Get_NonExistentThingDetails_ReturnsNotFound" />
    </UnitTest>
    <UnitTest name="myWebApp.Tests.ApplicationDbContextTests.GetThings_ShouldReturnAllThings" storage="/workspaces/mywebapp.tests/bin/debug/net8.0/mywebapp.tests.dll" id="53d0d0ab-bd26-9d56-020e-1e3ac21a8485">
      <Execution id="108c9f77-098e-4e77-a7c6-f624f1b38ba3" />
      <TestMethod codeBase="/workspaces/myWebApp.Tests/bin/Debug/net8.0/myWebApp.Tests.dll" adapterTypeName="executor://xunit/VsTestRunner2/netcoreapp" className="myWebApp.Tests.ApplicationDbContextTests" name="GetThings_ShouldReturnAllThings" />
    </UnitTest>
    <UnitTest name="myWebApp.Tests.ThingModelTests.Thing_PurposeProperty_ShouldAcceptValidLengths(purpose: &quot;This is a very long purpose that should still be v&quot;...)" storage="/workspaces/mywebapp.tests/bin/debug/net8.0/mywebapp.tests.dll" id="a4437acc-ed62-6acc-7aeb-50034eca8b41">
      <Execution id="064fcfbb-41c6-4e32-a4de-b89466b629ec" />
      <TestMethod codeBase="/workspaces/myWebApp.Tests/bin/Debug/net8.0/myWebApp.Tests.dll" adapterTypeName="executor://xunit/VsTestRunner2/netcoreapp" className="myWebApp.Tests.ThingModelTests" name="Thing_PurposeProperty_ShouldAcceptValidLengths" />
    </UnitTest>
    <UnitTest name="myWebApp.Tests.ApplicationDbContextTests.UpdateThing_ShouldModifyExistingRecord" storage="/workspaces/mywebapp.tests/bin/debug/net8.0/mywebapp.tests.dll" id="8cd6a3e6-1075-4b87-cfc2-d3e1bc32219d">
      <Execution id="239d6971-093a-4cdb-b440-c8c4494a223d" />
      <TestMethod codeBase="/workspaces/myWebApp.Tests/bin/Debug/net8.0/myWebApp.Tests.dll" adapterTypeName="executor://xunit/VsTestRunner2/netcoreapp" className="myWebApp.Tests.ApplicationDbContextTests" name="UpdateThing_ShouldModifyExistingRecord" />
    </UnitTest>
    <UnitTest name="myWebApp.Tests.ThingsIntegrationTests.Get_ThingsIndex_ContainsExpectedContent" storage="/workspaces/mywebapp.tests/bin/debug/net8.0/mywebapp.tests.dll" id="e9626db3-7753-2696-e4ca-789fd03b2934">
      <Execution id="73eb1164-d598-4a1c-869c-158f8ec2afb8" />
      <TestMethod codeBase="/workspaces/myWebApp.Tests/bin/Debug/net8.0/myWebApp.Tests.dll" adapterTypeName="executor://xunit/VsTestRunner2/netcoreapp" className="myWebApp.Tests.ThingsIntegrationTests" name="Get_ThingsIndex_ContainsExpectedContent" />
    </UnitTest>
    <UnitTest name="myWebApp.Tests.ThingsIntegrationTests.Get_ThingsCreate_ReturnsSuccessAndCorrectContentType" storage="/workspaces/mywebapp.tests/bin/debug/net8.0/mywebapp.tests.dll" id="36237ecc-0193-2fb2-6c4e-88117ea1ec3f">
      <Execution id="df3c64e5-b22a-4c01-947b-a524780b8fc0" />
      <TestMethod codeBase="/workspaces/myWebApp.Tests/bin/Debug/net8.0/myWebApp.Tests.dll" adapterTypeName="executor://xunit/VsTestRunner2/netcoreapp" className="myWebApp.Tests.ThingsIntegrationTests" name="Get_ThingsCreate_ReturnsSuccessAndCorrectContentType" />
    </UnitTest>
    <UnitTest name="myWebApp.Tests.ThingModelTests.Thing_NameProperty_ShouldAcceptValidLengths(name: &quot;This is exactly fifty characters long name test&quot;)" storage="/workspaces/mywebapp.tests/bin/debug/net8.0/mywebapp.tests.dll" id="08953646-e10f-0d61-beb7-b20062d6a9d0">
      <Execution id="49509014-ce88-4a1b-adb6-7ac9b3c5d24e" />
      <TestMethod codeBase="/workspaces/myWebApp.Tests/bin/Debug/net8.0/myWebApp.Tests.dll" adapterTypeName="executor://xunit/VsTestRunner2/netcoreapp" className="myWebApp.Tests.ThingModelTests" name="Thing_NameProperty_ShouldAcceptValidLengths" />
    </UnitTest>
  </TestDefinitions>
  <TestEntries>
    <TestEntry testId="e9626db3-7753-2696-e4ca-789fd03b2934" executionId="73eb1164-d598-4a1c-869c-158f8ec2afb8" testListId="8c84fa94-04c1-424b-9868-57a2d4851a1d" />
    <TestEntry testId="f19069b2-a521-43ad-cdcf-0e11ba48c76f" executionId="9a7211cd-9e4b-4de0-be28-396e9311dd5f" testListId="8c84fa94-04c1-424b-9868-57a2d4851a1d" />
    <TestEntry testId="7abab9b7-0984-56b6-8513-2f0eb569ea53" executionId="cb562dba-49cc-43ae-af4b-8032634c8e7d" testListId="8c84fa94-04c1-424b-9868-57a2d4851a1d" />
    <TestEntry testId="c6f153e0-21a7-1756-469d-ca40bc7cbba5" executionId="3a1cee73-129a-42f3-92ac-3861a588cb7b" testListId="8c84fa94-04c1-424b-9868-57a2d4851a1d" />
    <TestEntry testId="c587f1c8-4556-0f3f-159f-392a25bcf0c2" executionId="d8e3cda6-9ac5-4ded-84a3-73399c525442" testListId="8c84fa94-04c1-424b-9868-57a2d4851a1d" />
    <TestEntry testId="ebd75087-8a49-bf10-8450-7ede6f05bcbc" executionId="dcb0c690-c20f-4438-81cb-b420136ca456" testListId="8c84fa94-04c1-424b-9868-57a2d4851a1d" />
    <TestEntry testId="572177a8-44c1-00f5-fd37-ab77a4586f39" executionId="c2ee7cac-3431-42d0-81cb-4fa40600b072" testListId="8c84fa94-04c1-424b-9868-57a2d4851a1d" />
    <TestEntry testId="41ea36cd-61bc-33e2-ca2c-ff0759c98b6a" executionId="3f272ae7-3b9c-4934-b435-1a8a5b855990" testListId="8c84fa94-04c1-424b-9868-57a2d4851a1d" />
    <TestEntry testId="08953646-e10f-0d61-beb7-b20062d6a9d0" executionId="49509014-ce88-4a1b-adb6-7ac9b3c5d24e" testListId="8c84fa94-04c1-424b-9868-57a2d4851a1d" />
    <TestEntry testId="36237ecc-0193-2fb2-6c4e-88117ea1ec3f" executionId="df3c64e5-b22a-4c01-947b-a524780b8fc0" testListId="8c84fa94-04c1-424b-9868-57a2d4851a1d" />
    <TestEntry testId="052ffb21-c212-1b70-8263-24211c3c8cf4" executionId="57ce223c-248f-4f4e-bfa7-0005596ae149" testListId="8c84fa94-04c1-424b-9868-57a2d4851a1d" />
    <TestEntry testId="8cd6a3e6-1075-4b87-cfc2-d3e1bc32219d" executionId="239d6971-093a-4cdb-b440-c8c4494a223d" testListId="8c84fa94-04c1-424b-9868-57a2d4851a1d" />
    <TestEntry testId="a4437acc-ed62-6acc-7aeb-50034eca8b41" executionId="064fcfbb-41c6-4e32-a4de-b89466b629ec" testListId="8c84fa94-04c1-424b-9868-57a2d4851a1d" />
    <TestEntry testId="58e8f568-2e25-b52e-cbe0-065c395a2617" executionId="29c2b501-77ec-4c57-abc0-d153d5c2c185" testListId="8c84fa94-04c1-424b-9868-57a2d4851a1d" />
    <TestEntry testId="2ab8feb5-69d5-f5a9-ceb8-f0e5dff5b8e9" executionId="c275f2b7-25e4-47d7-aa0f-dffddced742a" testListId="8c84fa94-04c1-424b-9868-57a2d4851a1d" />
    <TestEntry testId="53d0d0ab-bd26-9d56-020e-1e3ac21a8485" executionId="108c9f77-098e-4e77-a7c6-f624f1b38ba3" testListId="8c84fa94-04c1-424b-9868-57a2d4851a1d" />
    <TestEntry testId="e346344c-6042-89bf-f8dc-99a8c9a7693d" executionId="027a14ad-b954-45e2-ae7f-1624111e2416" testListId="8c84fa94-04c1-424b-9868-57a2d4851a1d" />
  </TestEntries>
  <TestLists>
    <TestList name="Results Not in a List" id="8c84fa94-04c1-424b-9868-57a2d4851a1d" />
    <TestList name="All Loaded Results" id="19431567-8539-422a-85d7-44ee4e166bda" />
  </TestLists>
  <ResultSummary outcome="Completed">
    <Counters total="17" executed="17" passed="17" failed="0" error="0" timeout="0" aborted="0" inconclusive="0" passedButRunAborted="0" notRunnable="0" notExecuted="0" disconnected="0" warning="0" completed="0" inProgress="0" pending="0" />
    <Output>
      <StdOut>[xUnit.net 00:00:00.00] xUnit.net VSTest Adapter v2.4.5+1caef2f33e (64-bit .NET 8.0.17)
[xUnit.net 00:00:03.50]   Discovering: myWebApp.Tests
[xUnit.net 00:00:03.54]   Discovered:  myWebApp.Tests
[xUnit.net 00:00:03.55]   Starting:    myWebApp.Tests
[xUnit.net 00:00:04.68]   Finished:    myWebApp.Tests
</StdOut>
    </Output>
    <CollectorDataEntries>
      <Collector agentName="821d6ed05e47" uri="datacollector://microsoft/CoverletCodeCoverage/1.0" collectorDisplayName="XPlat code coverage">
        <UriAttachments>
          <UriAttachment>
            <A href="821d6ed05e47/coverage.cobertura.xml"></A>
          </UriAttachment>
        </UriAttachments>
      </Collector>
    </CollectorDataEntries>
  </ResultSummary>
</TestRun>